WorkerThreadPool: 8 threads, 2 max low-priority.
Godot Engine v4.6.2.stable.official.71f334935 - https://godotengine.org
TextServer: Added interface "Dummy"
TextServer: Added interface "ICU / HarfBuzz / Graphite (Built-in)"
Unrecognized output string "misc2" in mapping:
030000007e0500006920000001010000,Nintendo Switch 2 Pro Controller,a:b0,b:b1,back:b14,dpdown:b8,dpleft:b10,dpright:b9,dpup:b11,guide:b16,leftshoulder:b12,leftstick:b15,lefttrigger:b13,leftx:a0,lefty:a1~,misc1:b17,misc2:b20,paddle1:b18,paddle2:b19,rightshoulder:b4,rightstick:b7,righttrigger:b5,rightx:a2,righty:a3~,start:b6,x:b2,y:b3,platform:Mac OS X,
SDL: Init OK!
Using "default" pen tablet driver...

TextServer: Primary interface set to: "ICU / HarfBuzz / Graphite (Built-in)".
CORE API HASH: 4039755037
EDITOR API HASH: 223528947
SceneTreeFTI: traversal method DEFAULT
Loaded system CA certificates
Loading resource: res://scenes/main/Main.tscn
Loading resource: res://scripts/main/main.gd
Loading resource: res://scenes/effects/ImpactEffect.tscn
Loading resource: res://scripts/effects/impact_effect.gd
Loading resource: res://scenes/effects/DamageNumber.tscn
Loading resource: res://scripts/effects/damage_number.gd
Loading resource: res://scripts/managers/wave_manager.gd
Loading resource: res://scenes/enemies/Enemy.tscn
Loading resource: res://scripts/enemies/enemy.gd
Loading resource: res://scenes/effects/DeathPopEffect.tscn
Loading resource: res://scripts/effects/death_pop_effect.gd
Loading resource: res://scripts/core/game_manager.gd
Loading resource: res://scripts/managers/build_manager.gd
Loading resource: res://scenes/towers/Tower.tscn
Loading resource: res://scripts/towers/tower.gd
Loading resource: res://scenes/projectiles/Projectile.tscn
Loading resource: res://scripts/projectiles/projectile.gd
Loading resource: res://scenes/effects/SplashEffect.tscn
Loading resource: res://scripts/effects/splash_effect.gd
Loading resource: res://scenes/effects/MuzzleFlash.tscn
Loading resource: res://scripts/effects/muzzle_flash.gd
Loading resource: res://scripts/ui/build_preview.gd
Loading resource: res://scenes/ui/GameHUD.tscn
Loading resource: res://scripts/ui/game_hud.gd
SCRIPT ERROR: Parse Error: Expected parameter name.
          at: GDScript::reload (res://scripts/ui/game_hud.gd:1032)
ERROR: Failed to load script "res://scripts/ui/game_hud.gd" with error "Parse error".
   at: load (modules/gdscript/gdscript.cpp:2907)
Loading resource: res://scenes/ui/MainMenu.tscn
Loading resource: res://scripts/ui/main_menu.gd
Loading resource: res://scenes/ui/LevelSelect.tscn
Loading resource: res://scripts/ui/level_select.gd
Loading resource: res://scripts/core/save_manager.gd
Loading resource: res://scripts/managers/audio_manager.gd
Loading resource: res://scripts/ui/camera_shake.gd
Loading resource: res://scenes/ui/DebugPanel.tscn
Loading resource: res://scripts/ui/debug_panel.gd
[GameManager] reset_runtime_state: gold=120 lives=20
Loaded 5 enemy types.
Loaded 4 waves.
[SaveManager] Save loaded and merged.
[AudioManager] Assets Resolved: SFX=17 Music=2
Loading resource: res://scripts/core/leaderboard_service.gd
Loading resource: res://scripts/core/local_leaderboard_repo.gd
[LocalLeaderboard] Data loaded.
Loading resource: res://scripts/managers/level_manager.gd
Loading resource: res://scripts/map/map_visual_layer.gd
Loaded 7 tower types.
SCRIPT ERROR: Invalid call. Nonexistent function 'set_tower_prices' in base 'CanvasLayer'.
          at: _ready (res://scripts/main/main.gd:132)
          GDScript backtrace (most recent call first):
              [0] _ready (res://scripts/main/main.gd:132)
XR: Clearing primary interface
XR: Removed interface "Native mobile"
XR: Removed interface "OpenXR"
WARNING: ObjectDB instances leaked at exit (run with --verbose for details).
     at: cleanup (core/object/object.cpp:2641)
Leaked instance: GDScriptNativeClass:9223372049353802440 - Reference count: 1
Leaked instance: GDScript:9223372063010457011 - Reference count: 1
ERROR: Cannot get path of node as it is not in a scene tree.
   at: get_path (scene/main/node.cpp:2419)
Leaked instance: Node:48486156400 - Node path: 
Hint: Leaked instances typically happen when nodes are removed from the scene tree (with `remove_child()`) but not freed (with `free()` or `queue_free()`).
ERROR: 1 resources still in use at exit.
   at: clear (core/io/resource.cpp:805)
Resource still in use: res://scripts/ui/ui_theme_manager.gd (GDScript)
Orphan StringName: COLOR_BUTTON_HOVER (static: 0, total: 1)
Orphan StringName: "scripts/ui/ui_theme_manager.gd" (static: 0, total: 1)
Orphan StringName: COLOR_PANEL_BG (static: 0, total: 1)
Orphan StringName: COLOR_ACCENT (static: 0, total: 1)
Orphan StringName: COLOR_BUTTON_NORMAL (static: 0, total: 1)
Orphan StringName: Node (static: 3, total: 4)
Orphan StringName: _apply_label_style (static: 0, total: 1)
Orphan StringName: COLOR_BUTTON_PRESSED (static: 0, total: 1)
Orphan StringName: apply_theme (static: 0, total: 1)
Orphan StringName: _process_node (static: 0, total: 1)
Orphan StringName: COLOR_PANEL_BORDER (static: 0, total: 1)
Orphan StringName: _apply_panel_style (static: 0, total: 1)
Orphan StringName: _apply_button_style (static: 0, total: 1)
StringName: 13 unclaimed string names at exit.
